To honour the JVM settings for this build a single-use Daemon process will be forked. For more on this, please refer to https://docs.gradle.org/8.14.4/userguide/gradle_daemon.html#sec:disabling_the_daemon in the Gradle documentation.
Daemon will be stopped at the end of the build 
> Task :clean
> Task :compileJava
> Task :processResources
> Task :classes

> Task :compileTestJava
Note: /root/agent_code_generator/workspaces/order_management_workspace/order-management_v20/src/test/java/com/example/management/infrastructure/adapters/in/web/OrderControllerTest.java uses unchecked or unsafe operations.
Note: Recompile with -Xlint:unchecked for details.

> Task :processTestResources NO-SOURCE
> Task :testClasses
OpenJDK 64-Bit Server VM warning: Sharing is only supported for boot loader classes because bootstrap classpath has been appended
> Task :test

[Incubating] Problems report is available at: file:///root/agent_code_generator/workspaces/order_management_workspace/order-management_v20/build/reports/problems/problems-report.html

Deprecated Gradle features were used in this build, making it incompatible with Gradle 9.0.

You can use '--warning-mode all' to show the individual deprecation warnings and determine if they come from your own scripts or plugins.

For more on this, please refer to https://docs.gradle.org/8.14.4/userguide/command_line_interface.html#sec:command_line_warnings in the Gradle documentation.

BUILD SUCCESSFUL in 40s
5 actionable tasks: 5 executed
